

Info: Logic utilisation before packing:
Info:     Total LUT4s:        10/83640     0%
Info:         logic LUTs:      2/83640     0%
Info:         carry LUTs:      8/83640     0%
Info:           RAM LUTs:      0/10455     0%
Info:          RAMW LUTs:      0/20910     0%

Info:      Total DFFs:         8/83640     0%

Info: Packing IOs..
Info: Packing constants..
Info: Packing carries...
Info: Packing LUTs...
Info: Packing LUT5-7s...
Info: Packing FFs...
Info:     8 FFs paired with LUTs.
Info: Generating derived timing constraints...
Info: Promoting globals...
Info:     promoting clock net clk$TRELLIS_IO_IN to global network
Info: Checksum: 0x07078cfc

Info: Device utilisation:
Info: 	          TRELLIS_IO:      11/    365     3%
Info: 	                DCCA:       1/     56     1%
Info: 	              DP16KD:       0/    208     0%
Info: 	          MULT18X18D:       0/    156     0%
Info: 	              ALU54B:       0/     78     0%
Info: 	             EHXPLLL:       0/      4     0%
Info: 	             EXTREFB:       0/      2     0%
Info: 	                DCUA:       0/      2     0%
Info: 	           PCSCLKDIV:       0/      2     0%
Info: 	             IOLOGIC:       0/    224     0%
Info: 	            SIOLOGIC:       0/    141     0%
Info: 	                 GSR:       0/      1     0%
Info: 	               JTAGG:       0/      1     0%
Info: 	                OSCG:       0/      1     0%
Info: 	               SEDGA:       0/      1     0%
Info: 	                 DTR:       0/      1     0%
Info: 	             USRMCLK:       0/      1     0%
Info: 	             CLKDIVF:       0/      4     0%
Info: 	           ECLKSYNCB:       0/     10     0%
Info: 	             DLLDELD:       0/      8     0%
Info: 	              DDRDLL:       0/      4     0%
Info: 	             DQSBUFM:       0/     14     0%
Info: 	     TRELLIS_ECLKBUF:       0/      8     0%
Info: 	        ECLKBRIDGECS:       0/      2     0%
Info: 	                DCSC:       0/      2     0%
Info: 	          TRELLIS_FF:       8/  83640     0%
Info: 	        TRELLIS_COMB:      16/  83640     0%
Info: 	        TRELLIS_RAMW:       0/  10455     0%

Info: Placed 0 cells based on constraints.
Info: Creating initial analytic placement for 4 cells, random placement wirelen = 1170.
Info:     at initial placer iter 0, wirelen = 880
Info:     at initial placer iter 1, wirelen = 838
Info:     at initial placer iter 2, wirelen = 829
Info:     at initial placer iter 3, wirelen = 828
Info: Running main analytical placer, max placement attempts per cell = 10000.
Info:     at iteration #1, type TRELLIS_COMB: wirelen solved = 828, spread = 828, legal = 829; time = 0.02s
Info: HeAP Placer Time: 0.10s
Info:   of which solving equations: 0.00s
Info:   of which spreading cells: 0.00s
Info:   of which strict legalisation: 0.00s

Info: Running simulated annealing placer for refinement.
Info:   at iteration #1: temp = 0.000000, timing cost = 1, wirelen = 829
Info:   at iteration #5: temp = 0.000000, timing cost = 1, wirelen = 622
Info:   at iteration #10: temp = 0.000000, timing cost = 1, wirelen = 615
Info:   at iteration #12: temp = 0.000000, timing cost = 1, wirelen = 615 
Info: SA placement time 0.01s

Info: Max frequency for clock '$glbnet$clk$TRELLIS_IO_IN': 448.83 MHz (PASS at 12.00 MHz)

Info: Max delay <async>                           -> posedge $glbnet$clk$TRELLIS_IO_IN: 10.82 ns
Info: Max delay posedge $glbnet$clk$TRELLIS_IO_IN -> <async>                          : 9.81 ns

Info: Slack histogram:
Info:  legend: * represents 1 endpoint(s)
Info:          + represents [1,1) endpoint(s)
Info: [ 81105,  81179) |*** 
Info: [ 81179,  81253) |** 
Info: [ 81253,  81327) |** 
Info: [ 81327,  81401) | 
Info: [ 81401,  81475) | 
Info: [ 81475,  81549) | 
Info: [ 81549,  81623) | 
Info: [ 81623,  81697) | 
Info: [ 81697,  81771) | 
Info: [ 81771,  81845) | 
Info: [ 81845,  81919) | 
Info: [ 81919,  81993) | 
Info: [ 81993,  82067) | 
Info: [ 82067,  82141) | 
Info: [ 82141,  82215) | 
Info: [ 82215,  82289) | 
Info: [ 82289,  82363) | 
Info: [ 82363,  82437) | 
Info: [ 82437,  82511) | 
Info: [ 82511,  82585) |* 
Info: Checksum: 0x1986fcff
Info: Routing globals...
Info:     routing clock net $glbnet$clk$TRELLIS_IO_IN using global 0

Info: Routing..
Info: Setting up routing queue.
Info: Routing 49 arcs.
Info:            |   (re-)routed arcs  |   delta    | remaining|       time spent     |
Info:    IterCnt |  w/ripup   wo/ripup |  w/r  wo/r |      arcs| batch(sec) total(sec)|
Info:         49 |        0         43 |    0    43 |         0|       0.04       0.04|
Info: Routing complete.
Info: Router1 time 0.04s
Info: Checksum: 0x80cd0f7f

Info: Critical path report for clock '$glbnet$clk$TRELLIS_IO_IN' (posedge -> posedge):
Info:       type curr  total name
Info:   clk-to-q  0.52  0.52 Source count_TRELLIS_FF_Q_1.Q
Info:    routing  0.98  1.50 Net count[0]$TRELLIS_IO_OUT (21,32) -> (22,32)
Info:                          Sink count_TRELLIS_FF_Q_DI_CCU2C_S1_1$CCU2_COMB0.B
Info:                          Defined in:
Info:                               fpga/opensynth/examples/minimal_counter.sv:11.30-11.35
Info:      logic  0.45  1.95 Source count_TRELLIS_FF_Q_DI_CCU2C_S1_1$CCU2_COMB0.FCO
Info:    routing  0.00  1.95 Net count_TRELLIS_FF_Q_DI_CCU2C_S1_1$CCU2_FCI_INT (22,32) -> (22,32)
Info:                          Sink count_TRELLIS_FF_Q_DI_CCU2C_S1_1$CCU2_COMB1.FCI
Info:      logic  0.00  1.95 Source count_TRELLIS_FF_Q_DI_CCU2C_S1_1$CCU2_COMB1.FCO
Info:    routing  0.00  1.95 Net count_TRELLIS_FF_Q_DI_CCU2C_S1_1_COUT (22,32) -> (22,32)
Info:                          Sink count_TRELLIS_FF_Q_DI_CCU2C_S1_2$CCU2_COMB0.FCI
Info:                          Defined in:
Info:                               fpga/opensynth/examples/minimal_counter.sv:17.22-17.34
Info:                               /tmp/oss_cad/oss-cad-suite/lib/../share/yosys/lattice/arith_map_ccu2c.v:74.7-80.4
Info:                               /tmp/oss_cad/oss-cad-suite/lib/../share/yosys/lattice/ccu2c_sim.vh:9.9-9.13
Info:      logic  0.07  2.02 Source count_TRELLIS_FF_Q_DI_CCU2C_S1_2$CCU2_COMB0.FCO
Info:    routing  0.00  2.02 Net count_TRELLIS_FF_Q_DI_CCU2C_S1_2$CCU2_FCI_INT (22,32) -> (22,32)
Info:                          Sink count_TRELLIS_FF_Q_DI_CCU2C_S1_2$CCU2_COMB1.FCI
Info:      logic  0.00  2.02 Source count_TRELLIS_FF_Q_DI_CCU2C_S1_2$CCU2_COMB1.FCO
Info:    routing  0.00  2.02 Net count_TRELLIS_FF_Q_DI_CCU2C_S1_2_COUT (22,32) -> (22,32)
Info:                          Sink count_TRELLIS_FF_Q_DI_CCU2C_S1_3$CCU2_COMB0.FCI
Info:                          Defined in:
Info:                               fpga/opensynth/examples/minimal_counter.sv:17.22-17.34
Info:                               /tmp/oss_cad/oss-cad-suite/lib/../share/yosys/lattice/arith_map_ccu2c.v:74.7-80.4
Info:                               /tmp/oss_cad/oss-cad-suite/lib/../share/yosys/lattice/ccu2c_sim.vh:9.9-9.13
Info:      logic  0.07  2.09 Source count_TRELLIS_FF_Q_DI_CCU2C_S1_3$CCU2_COMB0.FCO
Info:    routing  0.00  2.09 Net count_TRELLIS_FF_Q_DI_CCU2C_S1_3$CCU2_FCI_INT (22,32) -> (22,32)
Info:                          Sink count_TRELLIS_FF_Q_DI_CCU2C_S1_3$CCU2_COMB1.FCI
Info:      logic  0.00  2.09 Source count_TRELLIS_FF_Q_DI_CCU2C_S1_3$CCU2_COMB1.FCO
Info:    routing  0.00  2.09 Net count_TRELLIS_FF_Q_DI_CCU2C_S1_3_COUT (22,32) -> (23,32)
Info:                          Sink count_TRELLIS_FF_Q_DI_CCU2C_S1$CCU2_COMB0.FCI
Info:                          Defined in:
Info:                               fpga/opensynth/examples/minimal_counter.sv:17.22-17.34
Info:                               /tmp/oss_cad/oss-cad-suite/lib/../share/yosys/lattice/arith_map_ccu2c.v:74.7-80.4
Info:                               /tmp/oss_cad/oss-cad-suite/lib/../share/yosys/lattice/ccu2c_sim.vh:9.9-9.13
Info:      logic  0.07  2.16 Source count_TRELLIS_FF_Q_DI_CCU2C_S1$CCU2_COMB0.FCO
Info:    routing  0.00  2.16 Net count_TRELLIS_FF_Q_DI_CCU2C_S1$CCU2_FCI_INT (23,32) -> (23,32)
Info:                          Sink count_TRELLIS_FF_Q_DI_CCU2C_S1$CCU2_COMB1.FCI
Info:      logic  0.40  2.56 Source count_TRELLIS_FF_Q_DI_CCU2C_S1$CCU2_COMB1.F
Info:    routing  0.13  2.69 Net count_TRELLIS_FF_Q_DI[7] (23,32) -> (23,32)
Info:                          Sink count_TRELLIS_FF_Q.DI
Info:                          Defined in:
Info:                               fpga/opensynth/examples/minimal_counter.sv:17.22-17.34
Info:                               /tmp/oss_cad/oss-cad-suite/lib/../share/yosys/lattice/arith_map_ccu2c.v:34.26-34.27
Info:      setup  0.00  2.69 Source count_TRELLIS_FF_Q.DI
Info: 1.59 ns logic, 1.11 ns routing

Info: Critical path report for cross-domain path '<async>' -> 'posedge $glbnet$clk$TRELLIS_IO_IN':
Info:       type curr  total name
Info:     source  0.00  0.00 Source rst_n$tr_io.O
Info:    routing  1.57  1.57 Net rst_n$TRELLIS_IO_IN (126,32) -> (113,32)
Info:                          Sink rst_n_LUT4_D.D
Info:                          Defined in:
Info:                               fpga/opensynth/examples/minimal_counter.sv:9.30-9.35
Info:      logic  0.24  1.81 Source rst_n_LUT4_D.F
Info:    routing  4.86  6.67 Net rst_n_LUT4_D_Z (113,32) -> (23,32)
Info:                          Sink count_TRELLIS_FF_Q_2.LSR
Info:      setup  0.42  7.09 Source count_TRELLIS_FF_Q_2.LSR
Info: 0.66 ns logic, 6.43 ns routing

Info: Critical path report for cross-domain path 'posedge $glbnet$clk$TRELLIS_IO_IN' -> '<async>':
Info:       type curr  total name
Info:   clk-to-q  0.52  0.52 Source count_TRELLIS_FF_Q_3.Q
Info:    routing  5.63  6.16 Net count[5]$TRELLIS_IO_OUT (22,32) -> (126,32)
Info:                          Sink count[5]$tr_io.I
Info:                          Defined in:
Info:                               fpga/opensynth/examples/minimal_counter.sv:11.30-11.35
Info: 0.52 ns logic, 5.63 ns routing

Info: Max frequency for clock '$glbnet$clk$TRELLIS_IO_IN': 371.20 MHz (PASS at 12.00 MHz)

Info: Max delay <async>                           -> posedge $glbnet$clk$TRELLIS_IO_IN: 7.09 ns
Info: Max delay posedge $glbnet$clk$TRELLIS_IO_IN -> <async>                          : 6.16 ns

Info: Slack histogram:
Info:  legend: * represents 1 endpoint(s)
Info:          + represents [1,1) endpoint(s)
Info: [ 80639,  80718) |*** 
Info: [ 80718,  80797) |* 
Info: [ 80797,  80876) |*** 
Info: [ 80876,  80955) | 
Info: [ 80955,  81034) | 
Info: [ 81034,  81113) | 
Info: [ 81113,  81192) | 
Info: [ 81192,  81271) | 
Info: [ 81271,  81350) | 
Info: [ 81350,  81429) | 
Info: [ 81429,  81508) | 
Info: [ 81508,  81587) | 
Info: [ 81587,  81666) | 
Info: [ 81666,  81745) | 
Info: [ 81745,  81824) | 
Info: [ 81824,  81903) | 
Info: [ 81903,  81982) | 
Info: [ 81982,  82061) | 
Info: [ 82061,  82140) | 
Info: [ 82140,  82219) |* 

Info: Program finished normally.
